src/app/page.tsx(2,24): error TS2724: '"@clerk/nextjs"' has no exported member named 'SignedIn'. Did you mean 'SignIn'?
src/app/page.tsx(2,34): error TS2305: Module '"@clerk/nextjs"' has no exported member 'SignedOut'.
src/app/page.tsx(19,27): error TS2322: Type '{ afterSignOutUrl: string; }' is not assignable to type 'IntrinsicAttributes & Without<WithClerkProp<PropsWithChildren<UserButtonPropsWithoutCustomPages> & FallbackProp>, "clerk">'.
  Property 'afterSignOutUrl' does not exist on type 'IntrinsicAttributes & Without<WithClerkProp<PropsWithChildren<UserButtonPropsWithoutCustomPages> & FallbackProp>, "clerk">'.
